|::::::::::::
|::::::::::::
|::::::::::::
|::::::::::::
|::::::::::::
|::::::::::::
|::::::::::::
|::::::::::::
|::::::::::::
|::::::::::::
|::::::::::::
|::::::::::::
|::::::::::::
|::::::::::::
|::::::::::::
|::::::::::::
|:::?::::::::
|::::::::::::
|::::::::::::
|::::::::::::
|:::#::::::::
|g::?::::::::
|:::#:::?::::
|:::?::::::::
|:::#::::::::
|::::::::::::
|::::::::::::
|::::::::::::
|pp::::::::::
|pp::::::::::
|::::::::::::
|::::::::::::
|::::::::::::
|::::::::::::
|::::::::::::
|::::::::::::
|::::::::::::
|::::::::::::
|ppp:::::::::
|ppp:::::::::
|g:::::::::::
|::::::::::::
|::::::::::::
|::::::::::::
|::::::::::::
|::::::::::::
|pppp::::::::
|pppp::::::::
|::::::::::::
|::::::::::::
|::::::::::::
|::::::::::::
|::::::::::::
|g:::::::::::
|g:::::::::::
|::::::::::::
|::::::::::::
|pppp::::::::
|pppp::::::::
|::::::::::::
|::::::::::::
|::::::::::::
|::::::::::::
|::::::::::::
|::::?:::::::
|::::::::::::
|::::::::::::
|::::::::::::
|::::::::::::
:::::::::::::
:::::::::::::
|::::::::::::
|::::::::::::
|::::::::::::
|::::::::::::
|::::::::::::
|::::::::::::
|:::#::::::::
|:::?::::::::
|:::#::g:::::
|:::::::#::::
|:::::::#::::
|:::::::#g:::
|:::::::#::::
|:::::::#::::
|:::::::#::::
::::::::#::::
::::::::#::::
:::::::::::::
|::::::::::::
|::::::::::::
|:::::::#::::
|:::::::#::::
|:::::::#::::
|:::#:::?::::
|g:::::::::::
|g:::::::::::
|::::::::::::
|::::::::::::
|::::::::::::
|:::#::::::::
|:::#s:::::::
|::::::::::::
|::::::::::::
|::::::::::::
|::::::::::::
|k::?::::::::
|::::::::::::
|::::::::::::
|:::?:::?::::
|::::::::::::
|::::::::::::
|:::?::::::::
|::::::::::::
|::::::::::::
|::::::::::::
|::::::::::::
|::::::::::::
|:::#::::::::
|::::::::::::
|::::::::::::
|:::::::#::::
|:::::::#::::
|g::::::#::::
|g:::::::::::
|::::::::::::
|g:::::::::::
|g:::::::::::
|:::::::#::::
|:::#:::?::::
|:::#:::?::::
|:::::::#::::
|::::::::::::
|::::::::::::
|=:::::::::::
|==::::::::::
|===:::::::::
|====::::::::
|::::::::::::
|::::::::::::
|====::::::::
|===:::::::::
|==::::::::::
|=:::::::::::
|::::::::::::
|::::::::::::
|::::::::::::
|::::::::::::
|=:::::::::::
|==::::::::::
|===:::::::::
|====::::::::
|====::::::::
:::::::::::::
:::::::::::::
|====::::::::
|===:::::::::
|==::::::::::
|=:::::::::::
|::::::::::::
|::::::::::::
|::::::::::::
|::::::::::::
|pp::::::::::
|pp::::::::::
|::::::::::::
|::::::::::::
|::::::::::::
|:::#::::::::
|:::#::::::::
|:::?::::::::
|:::#::::::::
|::::::::::::
|::::::::::::
|g:::::::::::
|g:::::::::::
|::::::::::::
|::::::::::::
|::::::::::::
|::::::::::::
|g:::::::::::
|g:::::::::::
|==::::::::::
|===:::::::::
|====::::::::
|=====:::::::
|======::::::
|=======:::::
|========::::
|========::::
|::::::::::::
|::::::::::::
|::::::::::::
|::::::::::::
|::::::::::::
|::::::::::::
|::::::::::::
|:::::::::f::
|fffffffffff: