|:::::::::::
|:::::::::::
|:::::::::::
|:::::::::::
|:::::::::::
|:::::::::::
|:::::::::::
|:::::::::::
|:::::::::::
|:::::::::::
|:::::::::::
|:::::::::::
|:::::::::::
|:::::::::::
|:::::::::::
|:::::::::::
::::::::::::
::::::::::::
:T::::::::::
PT::::::::::
PT::::::::::
:T::::::::::
::::::::::::
::::::::::::
::::T:::::::
PPPPT:::::::
PPPPT:::Tk::
PPPPTPPPTc::
PPPPTPPPTc::
PPPPTPPPTc::
PPPPT:::T:::
::::T:::::::
:T::::::::::
PTc:::::::::
:T::::::::::
:::::T::::::
PPPPPT::::::
PPPPPT:::::c
PPPPPT:::::c
:::::T::::::
:::::::::T::
PPPPPPPPPTg:
PPPPPPPPPT::
PPPPPPPPPT::
PPPPPPPPPTg:
PPPPPPPPPT::
:::::::::T::
::::::::::::
::::::::::::
::::::::::::
T::::::c::::
T::::::c::::
T:::::::::::
T:::::::::::
::::::::::::
:::F::::::::
:::F::::::::
:::F::::::::
::::::::::::
T::?::::::::
T:::::::Tc::
TPPPPPPPTc::
TPPPPPPPTc::
T:::::::Tc::
::::::::::::
T:::::::::::
T:::::::::::
T:::::::::::
T:::::::::::
T:::::::::::
::::T:::::::
PPPPT:::::::
::::T:::::::
::::::::::::
::::::::K:::
::::::::::::
:::::::T::::
PPPPPPPTg:::
PPPPPPPT::::
PPPPPPPT::::
PPPPPPPT::::
:::::::T::::
::::::::::::
::::::::::::
::::::::::::
::::::::c:::
:::::F::c:::
:::::F::::::
:::::F::::::
::::::::::::
::::::::::::
::::::::::::
::::::::::::
:::::::::c::
::::F::::c::
::::F:::::::
::::F:::::::
:::::::::c::
::T::::::c::
PPT:::::::::
PPT:::::::::
::T:::::::::
::::::::::::
::::::::::::
::::::T:::::
PPPPPPTk::::
PPPPPPT:::::
PPPPPPT:::::
PPPPPPT:::::
PPPPPPT:::::
PPPPPPT:::::
::::::T:::::
::::::::::::
Tc::::::::::
Tc:::::::K::
Tc::::::::::
::::T:::::::
PPPPT:::::::
PPPPT:::::::
::::T:::::::
::::::::c:::
::::::::c:::
::::T:::::::
PPPPT:::::::
PPPPT:::::::
::::T:::::::
::::::::::::
:::::::F::::
:::::::F::::
|::::::F::::
|:::::::::::
|:::::::::::
|:::::::::::
|:::::::::::
|k::::::::::
|:::::::::::
|:::::::::::
|:::::::::::
|====:::::::
|====:::::::
|======:::::
|======:::::
|========:::
|========:::
|:::::::::::
|:::::::::::
|:::::::::::
|:::::::::::
|:::::::::::
|:::::::::::
|:::::::::::
|:::::::::f:
|fffffffffff
