|BBBBBBBBB::
|BBBBBBBBBBB
|BBBBBBBBBBB
|BBBBBBBBB8B
|BBBBBBBBB::
|BBBBBB:::::
|BBBBBB:::::
|:::::::::::
|:::::::::::
|:::::::::::
|:::::::::::
|:::::::::::
|:::::::::::
|:::::::::::
|:::::::::::
|:::#:::::::
|:::#:::::::
|:::#:::::::
|:::::::::::
|:::::::::::
|=::::::::::
|==:::::::::
|===g:::::::
|====:::::::
|=====::::::
|:::::::::::
|:::::::::::
|:::::::::::
|k::#:::#:::
|k::::::#:::
|:::::::#:::
|:::::::#:::
|:::::::::::
|:::::::::::
|====:::::::
|==:::::::::
|:::::::::::
|:::::::::::
|g::::::::::
|g::::::::::
|:::::::::::
|:::::::::::
|:::::::::::
|:::::::::::
|:::::::::::
|:::::::::::
|ppppe::::::
|ppppe::::::
|:::::::::::
|:::::::::::
|:::::::::::
|:::::::::::
|:::k:::::::
|:::?m::?:::
|:::?:::?:::
|:::?:::?:::
|:::?:::?:::
|:::?:::?:::
|:::::::::::
|g::::::::::
|g::::::::::
|:::::::::::
|:::::::::::
|:`:::::::::
|k::::::::::
|:::::::::::
|g::::::::::
|g::::::::::
|g::#:::::::
|:::::::#s::
|:::::::#:::
|:::::::#:::
|:::::::#:::
|:::::::::::
|ppppe::::::
|ppppe::::::
|:::::::::::
|:::::::::::
|:::::::::::
|:::?:::::::
|:::?:::::::
|:::?:::#:::
|:::?:::#:::
|g::::::#:::
|g::::::#:::
|g::?:::#:::
|:::?:::::::
|:::?:::::::
|:::::::::::
|:::::::::::
|:::::::::::
|:::::::::::
::::::::#:::
::::::::#:::
::::::::#:::
::::::::#:::
|:::::::::::
|:::::::::::
|:::::::::::
|g::::::::::
|:::::::::::
|:::::::::::
|:::::::::::
|ppppe::::::
|ppppe::::::
|:::::::::::
::::::::::::
::::::::::::
::::::::::::
|:::::::::::
|:::::::::::
|:::::::::::
|:::::::::::
|g::::::::::
|:::::::::::
|ppe::::::::
|ppe::::::::
|:::::::::::
|:::::::::::
|g::::::::::
|:::::::::::
|:::::::::::
|ppppe::::::
|ppppe::::::
|:::::::::::
|:::::::#:::
|pppe:::#:::
|pppe:::#:::
|:::::::#:::
|:::::::::::
|pppppe:::::
|pppppe:::::
|:::::::::::
|:::::::::::
|:::::::::::
|:::::::::::
|:::::::::::
|:::::::::::
|:::::::::::
::::::::::::
::::::::::::
::::::::::::
|:::::::::::
|:::::::::::
|:::::::::::
|:::::::::::
|:::::::::::
|:::::::::::
|:::::::::::
|:::::::::::
|k::::::::::
|:::::::::::
::::::::::::
::::::::::::
|===::::::::
|:::::::::::
|:::::::::::
|:::::::::::
|:::::::::::
|‚::::::::::
|g::::::::::
|:::#:::::::
|:::::::::::
|:::::::::::
|::k::::#:::
|:::::::#:::
|:::::::#:::
|:::::::#:::
|:::::::#:::
|:::::::::::
|::k?:::::::
|:::::::::::
|:::::::#m::
|:::::::::::
|:::::::::::
|:::::::::::
|pppe:::::::
|pppe:::::::
|k::::::::::
|:::::::::::
|:::::::::::
|:::::::::::
|:::::::::::
|:::::::::::
|:::::::::::
|:::#:::::::
|:::#:::#:::
|:::::::::::
|SS:::::::::
|:::::::::::
|==========:
|==========:
|:::::::::::
|:::::::::::
|:::::::::::
|:::::::::::
|:::::::::::
|:::::::::::
|:::::::::::
|:::::::::f:
|fffffffffff
