|:::::::::::
|:::::::::::
|:::::::::::
|:::::::::::
|:::::::::::
|:::::::::::
|:::::::::::
|:::::::::::
|:::::::::::
|:::::::::::
|:::::::::::
|:::::::::::
|:::::::::::
|:::::::::::
|:::::::::::
|:::::::::::
|:::::::::::
|:::::::::::
|:::::::::::
|:::::::::::
|:::::::::::
|ppppe::::::
|ppppe::::::
|:::::::::::
|:::::::::::
|:::?:::?:::
|:::::::::::
|r::::::::::
|:::::::::::
|:::::::::::
|::::::R::::
|:::::::::::
::::::::::::
::::::::::L:
|:::::::::::
|:::::::::::
|:::::::::::
|:::::::::::
|:::::::::::
|:::::::::::
|:::::::::::
|:::c:::::::
|::::c::::::
|::::c::::::
|:::c:::::::
|:::::::::::
|:::::::::::
|:::::::::::
|:::::::::::
|:::::::::::
|:::::::::::
|:::::::::::
|:::::::::::
|:::::::::::
|:::::::::::
|:::::::::::
|:::::::::::
|:::::::::::
|:::::::::::
|:::::::::::
|:::::::::::
|:::::::::::
|:::::::::::
|:::::::::::
|:::?:::?:::
|:::::::::::
|:::?:::?:::
|:::::::::::
|:::::::::::
|:::::::::::
|:::::::::::
|:::::::::::
|:::::::::::
|:::::::::::
|:::::::::::
|:::::::::::
|:::::::::::
|:::::::::::
::::::::::::
::::::::::::
::::::::::::
::::::::::::
|:::::::::::
|:::::::::::
|:::::::::::
|:::::::::::
|:::::::::::
|:::::::::::
|:::::::::::
|:::::::::::
|:::?:::::::
|:::?:::::::
|:::?:::#m::
|:::?:::::::
|:::::::::::
|:::::::::::
|:::::::::::
|:::::::::::
|:::::::::::
|:::::::::::
|:::::::::::
|:::::::::::
|:::::::::::
|===::::::::
|:::::::::::
|::::::c::::
|::::::c::::
|::::::c::::
|::::::c::::
|:::::::::::
|:::::::::::
|:::::::::::
|:::::::::::
|:::::::::::
|:::::::::::
|:::::::::::
|pppppe:::::
|pppppe:::::
|:::::::::::
|::::::c::::
|::::::c::::
|::::::c::::
|::::::c::::
|:::::::::::
|:::::::::::
|:::::::::::
|:::::::::::
|:::::::::::
|:::::::::::
|:::::::::::
|:::::::::::
|:::::::::::
|pppppe:::::
|pppppe:::::
|:::::::::::
|::::::c::::
|::::::c::::
|::::::c::::
|::::::c::::
|:::::::::::
|:::::::::::
|:::::::::::
|:::::::::::
|:::::::::::
|:::::::::::
|:::::::::::
|:::?:::::::
|:::?:::::::
|:::?:::?:::
::::#:::?:::
::::#:::?:::
|:::?:::?:::
|:::?:::::::
|:::?:::::::
|:::::::::::
|:::::::::::
|:::::::::::
|:::::::::::
|:::::::::::
|:::::::::::
|:::::::::::
|:::::::::::
|:::::::::::
|pppe:::::::
|pppe:::::::
|:::::::::::
|:::::::::::
|:::::::::::
|:::::::::::
|:::::::::::
|:::::::::::
|:::::::::::
|:::::::::::
|:::::::::::
::::::::::::
::::::::::::
::::::::::::
|:::::::::::
|:::::::::::
|:::::::::::
::::::::::::
::::::::::::
|:::::::::::
|:::::::::::
|:::::::::::
|:::::::::::
|:::::::::::
|:::::::::::
|:::::::::::
|===::::::::
::::::::::::
::::::::::::
|:::::::::::
|:::::::::::
|:::::::::::
|:::::::::::
|:::::::::::
|:::::::::::
|:::::::::::
|:::::::::::
|:::::::::::
|:::::::::::
|:::::::::::
|:::::::::::
|:::::::::::
|:::::::::::
|:::::::::::
|:::::::::::
|=::::::::::
|==:::::::::
|===::::::::
|====:::::::
|=====::::::
|======:::::
|=======::::
|========:::
|========:::
|:::::::::::
|:::::::::::
|:::::::::::
|:::#:::::::
|:::::::::::
|:::::::::::
|:::::::::::
|:::::::::f:
|fffffffffff
