|:::::::::::
|:::::::::::
|:::::::::::
|:::::::::::
|:::::::::::
|:::::::::::
|:::::::::::
|:::::::::::
|:::::::::::
|:::::::::::
|:::::::::::
|:::::::::::
|:::::::::::
|:::::::::::
|k::::::::::
|:::::::::::
|:::::::::::
|g::::::::::
|g::::::::::
|g::::::::::
|:::::::::::
|:::::::::::
|:::::::::::
|:::::::::::
|:::::::::::
|:::::::::::
|:::::::::::
|:::::::::::
|g::::::::::
|g::::::::::
|g::::::::::
|:::::::::::
|:::::::::::
|:::::::::::
|:::::::::::
|:::::::::::
|:::::::::::
|:::::::::::
|k::::::::::
|:::::::::::
|:::::::::::
|:::::::::::
|:::::::::::
|:::::::::::
|ppppe::::::
|ppppe::::::
|:::::::::::
|:::::::::::
|:::::::::::
::::::::::::
::::::::::::
|ppppe::::::
|ppppe::::::
|:::::::::::
|:::::::::::
|:::::::::::
|:::::::::::
|:::R::::::::
|:::::::::::
|:::::::::::
|:::::::::::
|:::::::::::
|:::::::::::
|g::::::::::
|g::::::::::
|g::::::::::
|:::::::::::
|:::::::::::
|:::::::::::
|:::::::::::
|:::::::::::
|:::::::::::
|g::::::::::
|g::::::::::
|g::::::::::
|:::::::::::
|:::::::::::
|:::::::::::
|:::::::::::
|:::::::::::
|:::::::::::
|:::::::::::
|:::::::::::
|:::::::::::
|:::R:::::::
|:::::::::::
|:::::::::::
|:::::::::::
|:::::::::::
|====:::::::
|:::=:::#:::
|:::=:::#s::
::::=:::#:::
::::=:::::::
::::::::::::
::::::::::::
|:::::::::::
|:::::::::::
|:::::::::::
|:::::::::::
|:::::::::::
|:::::::::::
|:::::::::::
|g::::::::::
|g::::::::::
|g::::::::::
|:::::::::::
|:::::::::::
|:::::::::::
|:::::::::::
|:::::::::::
|zz:::::::::
|:::::::::::
|:::::::::::
::::::::::::
::::::::::::
|===::::::::
|:::::::::::
|:::::::::::
|:::::::::::
|g::::::::::
|g::::::::::
|g::::::::::
|:::::::::::
|:::::::::::
|:::::::::::
|k::::::::::
|:::::::::::
|:::::::::::
|:::::::::::
|:::::::::::
|:::::::::::
|:::::::::::
|g::::::::::
|:::::::::::
|:::::::::::
|:::::::::::
|:::::::::::
|:::::::::::
|:::::::::::
|:::::::::::
|:::::::::::
|:::::::::::
|:::::::::::
|:::::::::::
|k::::::::::
|k::::::::::
|====:::::::
|:::#m::::::
|:::#:::::::
|:::#:::::::
|:::::::::::
::::::::::::
::::::::::::
::::::::::::
|:::::::::::
|:::=pppe:::
|:::=pppe:::
|:::::::::::
|zz:::::::::
|:::::::::::
|:::::::::::
|:::::::::::
|pppe:::::::
|pppe:::::::
|:::::::::::
|:::::::::::
|:::::::::::
|:::::::::::
|:::::::::::
|zz:::::::::
|:::::::::::
|:::::::::::
|:::::::::::
|:::::::::::
|:::R:::::::
|:::::::::::
|:::::::::::
|:::::::::::
|:::::::::::
|:::::::::::
|:::R:::::::
|=::::::::::
|==:::::::::
|===::::::::
|====:::::::
|=====::::::
|:::::::::::
|:::::::::::
|::======:::
|::======:::
|:::::::::::
|:::::::::::
|:::::::::::
|:::::::::::
|:::::::::::
|:::::::::::
|:::::::::::
|:::::::::f:
|fffffffffff
