|:::::::::::
|:::::::::::
|:::::::::::
|:::::::::::
|:::::::::::
|:::::::::::
|:::::::::::
|:::::::::::
|:::::::::::
|:::::::::::
|:::::::::::
|:::::::::::
|=::::::::::
|==:::::::::
|===::::::::
|====:::::::
|:::=:::::::
|:::=zz:::::
|:::=:::::::
|:::::::::::
|k::::::::::
|::::::::c::
|::::::::c::
|::::::::c::
|:::::::::::
|SS:::::::::
::::::::::::
::::::::::::
::::::::::::
|:::#c::#:::
|:::#c::#:::
|:::#c::#:::
|:::#:::#:::
|:::#:::#:::
|:::#:::#m::
|:::::::::::
|:::::::::::
|:::::::::::
|:::K:::::::
|:::::::::::
|:::::::::::
|:::::::::::
|:::::::::::
|:::::::::::
|=::::::::::
|==h::::::::
|===::::::::
|====:::::::
|====:::::::
|==:::::::::
|:::::::::::
|:::::::::::
|:::::::::::
|:::::::::::
|:::::::::::
|pppe:::::::
|pppe:::::::
|:::::::::::
|:::::::::::
|:::::::::::
|g::::::::::
|:::::::::::
|=::::::::::
|==g::::::::
|===::::::::
|====:::::::
::::::::::::
::::::::::::
|=====::::::
|======:::::
|======:::::
|:::::::::::
|:::::::::::
|:::::::::::
|:::::::::::
|:::::::::::
|:::::::::::
|:::::::::::
|:::?:::::::
|:::?:::::::
|:::?:::::::
|:h:?:::::::
|:::?:::::::
|:::::::::::
|:::#:::::::
|:::::::#:::
|:::::::#c::
|:::::::#c::
|:::::::::::
|c:::#::::::
|c:::#::::::
|::::#::::::
::::::::::::
::::::::::::
::::::::::::
::::::::::::
|:::::::::::
|:::::::::::
|:::::::::::
|:::::::::::
|:::::::::::
|:::::::::::
|:::::::::::
|:::::::::::
|:::::::::::
|:::K:::::::
|:::::::::::
|zz:::::::::
|:::::::::::
|:::::::::::
|:::::::::::
|:::::::::::
|:::::::::::
|:::::::::::
|:::::::::::
|ppe::::::::
|ppe::::::::
|:::::::::::
|:::#:::#:::
|:::#:::#:::
|:::#:::#h::
|:::#:::#:::
|:::#:::#:::
|:::#h::#:::
|:::#:::#:::
|:::#:::#s::
|:::::::::::
::::::::::::
::::::::::::
|===::::::::
|:::::::::::
|:::::::::::
|:::::::::::
|:::::::::::
|:::::::::::
|:::::::::::
|:::::::::::
|:::::::::::
|:::::::::::
|:::::::::::
|:::::::::::
|:#:::::::::
|:#m::::::::
|:::::::::::
::::::::::::
::::::::::::
::::::::::::
::::#:::::::
::::#:::::::
::::#:::::::
::::::::::::
|:::::::::::
|:::::::::::
|:::::::#:::
|g::::::#:::
|g::::::#:::
|:::::::#K::
|:::::::#:::
|:::::::::::
|:::::::::::
|:::::::::::
|:::::::::::
|:::::::::::
|:::::::::::
|:::K:::::::
|:::K:::::::
|:::::::::::
|:::::::::::
|:::#m::::::
|:::::::::::
::::::::::::
::::::::::::
::::::::#c::
|ppe::::#c::
|ppe::::#:::
::::::::#:::
::::::::::::
|:::::::::::
|:::::::::::
|:::::::::::
|:::::::::::
|:::::::::::
|:::::::::::
|=::::::::::
|==:::::::::
::::::::::::
|====K::::::
|=====::::::
::::::::::::
|=======::::
|========:::
|========:::
|:::::::::::
|:::::::::::
|:::::::::::
|:::::::::::
|:::::::::::
|:::::::::::
|:::::::::::
|:::::::::f:
|fffffffffff
