|:::::::::::
|:::::::::::
|:::::::::::
|:::::::::::
|:::::::::::
|:::::::::::
|:::::::::::
|:::::::::::
|:::::::::::
|:::::::::::
|:::::::::::
|:::::::::::
|:::::::::::
|:::::::::::
|:::::::::::
|:::::::::::
|:::::::::::
|:::::::::::
|:::::::::::
|zz:::::::::
|:::::::::::
|:::::::::::
|:::::::::::
|:::::::::::
|:::K:::::::
|:::::::::::
|:::::::::::
|:::::::#:::
|ZZZ::::#:::
|:::::::#:::
|:::::::::::
|:::::::::::
|:::::::::::
|:::::::::::
|:::::::::::
|:::::::::::
|zz:::::::::
|:::::::::::
|:k:::::::::
|:::?:::::::
|:::?:::::::
|:::?:::::::
|:::?:::::::
|:::::::::::
|:::::::::::
|:::::::::::
|ZZZ::::::::
|:::::::::::
|:::::::::::
|:::::::::::
|:::::::::::
|::k::::::::
|:::::::::::
|:::::::::::
|:::::::::::
|:::::::::::
|ZZZ::::::::
|:::::::::::
|:::::::::::
|:::::::::::
|:::::::::::
|:::::::::::
|:::#:::::::
|:::#:::::::
|:::=zz:::::
|:::#:::::::
|:::#:::::::
|:::::::::::
|zz:::::::::
|:::::::::::
|:::::::::::
|:::::::::::
|:::::::::::
::::::::::::
::::::::::::
|:::::::::::
|pppe:::::::
|pppe:::::::
|:::::::::::
|:::::::::::
|:::::::::::
|:::::::::::
|:::#:::#:::
|:::#:::#:::
|:::#h::#:::
|:::#:::#:::
|:::#:::#h::
|:::#:::#:::
|:::#:::#:::
|:::::::::::
|:::::::::::
|:::::::::::
|:::::::::::
|pppe:::#m::
|pppe:::::::
|:::::::::::
|:::::::::::
|:::::::::::
|:::::::::::
|:::::::::::
|:::::::::::
|:::::::::::
|:::::::::::
|:::::::::::
|zz:::::::::
|:::::::::::
|:::::::::::
|:::::::::::
|:::::::::::
|pppe:::::::
|pppe:::::::
|k::::::::::
|:::::::::::
|:::::::::::
|:::::::::::
|ppe::::::::
|ppe::::::::
|:::::::::::
|:::::::::::
|:::::::::::
|:::::::::::
|:::::::::::
|zz:::::::::
|:::::::::::
|:::::::::::
|:::::::::::
|:::::::::::
|:::::::::::
|ppe::::::::
|ppe::::::::
|:::::::::::
|:::::::::::
|:::::::::::
|:::::::::::
|:::#:::#:::
|:::#h::#:::
|:::#:::#:::
|h::#:::#:::
|:::#:::#:::
|:::::::::::
|:::::::::::
|===::::::::
|:::::::::::
|:::::::::::
|:::::::::::
|:::::::::::
|ZZZ::::::::
|:::::::::::
|:::::::::::
|::::#::::::
|::::#::::::
|SS:::::::#m
::::::::::::
|=:::::#::::
|==::::#::::
|===::::::::
|====:::::::
|=====::::::
|======:::::
|:::::::::::
|:::::::::::
|:::::::::::
|=::::::::::
|==:::::::::
|===::::::::
|====:::::::
|=====::::::
|======b::::
|=======::::
|========:::
|========:::
|:::::::::::
|:::::::::::
|:::::::::::
|:::::::::::
|:::::::::::
|:::::::::::
|:::::::::::
|:::::::::f:
|fffffffffff
