|,:,:,:,:,:,:,:,:,:,:,:
|,:,:,:,:,:,:,:,:,:,:,:
|,:,:,:,:,:,:,:,:,:,:,:
|,:,:,:,:,:,:,:,:,:,:,:
|,:,:,:,:,:,:,:,:,:,:,:
|,:,:,:,:,:,:,:,:,:,:,:
|,:,:,:,:,:,:,:,:,:,:,:
|,:,:,:,:,:,:,:,:,:,:,:
|,:,:,:,:,:,:,:,:,:,:,:
|,:,:,:,:,:,:,:,:,:,:,:
|,:,:,:,:,:,:,:,:,:,:,:
|,:,:,:,:,:,:,:,:,:,:,:
|,:,:,:,:,:,:,:,:,:,:,:
|,:,:,:,:,:,:,:,:,:,:,:
|,:,:,:,:,:,:,:,:,:,:,:
|,:,:,:,:,:,:,:,:,:,:,:
:,:,:,:,:,:,:,:,:,:,:,:
:,:,:,:,:,:,:,:,:,:,:,:
:,T,:,:,:,:,:,:,:,:,:,:
P,T,:,:,:,:,:,:,:,:,:,:
P,T,:,:,:,:,:,:,:,:,:,:
:,T,:,:,:,:,:,:,:,:,:,:
:,:,:,:,:,:,:,:,:,:,:,:
:,:,:,:,:,:,:,:,:,:,:,:
:,:,:,:,T,:,:,:,:,:,:,:
P,P,P,P,T,:,:,:,T,K,:,:
P,P,P,P,T,:,:,:,T,:,:,:
P,P,P,P,T,P,P,P,T,c,:,:
P,P,P,P,T,P,P,P,T,c,:,:
P,P,P,P,T,P,P,P,T,c,:,:
P,P,P,P,T,:,:,:,T,:,:,:
:,:,:,:,T,:,:,:,:,:,:,:
:,T,:,:,:,:,:,:,:,:,:,:
P,T,c,:,:,:,:,:,:,:,:,:
:,T,:,:,:,:,:,:,:,:,:,:
:,:,:,:,:,T,:,:,:,:,:,:
P,P,P,P,P,T,:,:,:,:,:,:
P,P,P,P,P,T,:,:,:,:,:,c
P,P,P,P,P,T,:,:,:,:,:,c
:,:,:,:,:,T,:,:,:,:,:,:
:,:,:,:,:,:,:,:,:,T,:,:
P,P,P,P,P,P,P,P,P,T,g,:
P,P,P,P,P,P,P,P,P,T,:,:
P,P,P,P,P,P,P,P,P,T,:,:
P,P,P,P,P,P,P,P,P,T,g,:
P,P,P,P,P,P,P,P,P,T,:,:
:,:,:,:,:,:,:,:,:,T,:,:
:,:,:,:,:,:,:,:,:,:,:,:
:,:,:,:,:,:,:,:,:,:,:,:
:,:,:,:,:,:,:,:,:,:,:,:
T,:,:,:,:,:,:,c,:,:,:,:
T,:,:,:,:,:,:,c,:,:,:,:
T,:,:,:,:,:,:,:,:,:,:,:
T,:,:,:,:,:,:,:,:,:,:,:
:,:,:,:,:,:,:,:,:,:,:,:
:,:,:,F,:,:,:,:,:,:,:,:
:,:,:,F,:,:,:,:,:,:,:,:
:,:,:,:,:,:,:,:,:,:,:,:
:,:,:,:,:,:,:,:,:,:,:,:
T,:,:,?,:,:,:,:,:,:,:,:
T,:,:,:,:,:,:,:,T,c,:,:
T,P,P,P,P,P,P,P,T,c,:,:
T,P,P,P,P,P,P,P,T,c,:,:
T,:,:,:,:,:,:,:,T,c,:,:
:,:,:,:,:,:,:,:,:,:,:,:
T,:,:,:,:,:,:,:,:,:,:,:
T,:,:,:,:,:,:,:,:,:,:,:
T,:,:,:,:,:,:,:,:,:,:,:
T,:,:,:,:,:,:,:,:,:,:,:
T,:,:,:,:,:,:,:,:,:,:,:
:,:,:,:,T,:,:,:,:,:,:,:
P,P,P,P,T,:,:,:,:,:,:,:
:,:,:,:,T,:,:,:,:,:,:,:
:,:,:,:,:,:,:,:,:,:,:,:
:,:,:,:,:,:,:,:,:,K,:,:
:,:,:,:,:,:,:,:,:,:,:,:
:,:,:,:,:,:,:,T,:,:,:,:
P,P,P,P,P,P,P,T,g,:,:,:
P,P,P,P,P,P,P,T,:,:,:,:
P,P,P,P,P,P,P,T,:,:,:,:
P,P,P,P,P,P,P,T,:,:,:,:
:,:,:,:,:,:,:,T,:,:,:,:
:,:,:,:,:,:,:,:,:,:,:,:
:,:,:,:,:,:,:,:,:,:,:,:
:,:,:,:,:,:,:,:,:,:,:,:
:,:,:,:,:,:,:,:,c,:,:,:
:,:,:,:,:,F,:,:,c,:,:,:
:,:,:,:,:,F,:,:,:,:,:,:
:,:,:,:,:,:,:,:,:,:,:,:
:,:,:,:,:,:,:,:,:,:,:,:
:,:,:,:,:,:,:,:,:,:,:,:
:,:,:,:,:,:,:,:,:,:,:,:
:,:,:,:,:,:,:,:,:,:,:,:
:,:,:,:,:,:,:,:,:,c,:,:
:,:,:,:,F,:,:,:,:,c,:,:
:,:,:,:,F,:,:,:,:,:,:,:
:,:,:,:,:,:,:,:,:,:,:,:
:,:,:,:,:,:,:,:,:,c,:,:
:,:,T,:,:,:,:,:,:,c,:,:
P,P,T,:,:,:,:,:,:,:,:,:
P,P,T,:,:,:,:,:,:,:,:,:
:,:,T,:,:,:,:,:,:,:,:,:
:,:,:,:,:,:,:,:,:,:,:,:
:,:,:,:,:,:,:,:,:,:,:,:
:,:,:,:,:,:,T,:,:,:,:,:
P,P,P,P,P,P,T,K,:,:,:,:
P,P,P,P,P,P,T,:,:,:,:,:
P,P,P,P,P,P,T,:,:,:,:,:
P,P,P,P,P,P,T,:,:,:,:,:
P,P,P,P,P,P,T,:,:,:,:,:
P,P,P,P,P,P,T,:,:,:,:,:
:,:,:,:,:,:,T,:,:,:,:,:
:,:,:,:,:,:,:,:,:,:,:,:
T,c,:,:,:,:,:,:,:,:,:,:
T,c,:,:,:,:,:,:,:,K,:,:
T,c,:,:,:,:,:,:,:,:,:,:
:,:,:,:,T,:,:,:,:,:,:,:
P,P,P,P,T,:,:,:,:,:,:,:
P,P,P,P,T,:,:,:,:,:,:,:
:,:,:,:,T,:,:,:,:,:,:,:
:,:,:,:,:,:,:,:,c,:,:,:
:,:,:,:,:,:,:,:,c,:,:,:
:,:,:,:,T,:,:,:,:,:,:,:
P,P,P,P,T,:,:,:,:,:,:,:
P,P,P,P,T,:,:,:,:,:,:,:
:,:,:,:,T,:,:,:,:,:,:,:
:,:,:,:,:,:,:,:,:,:,:,:
:,:,:,:,:,:,:,F,:,:,:,:
:,:,:,:,:,:,:,F,:,:,:,:
|,:,:,:,:,:,:,:,:,:,:,:
|,:,:,:,:,:,:,:,:,:,:,:
|,:,:,:,:,:,:,:,:,:,:,:
|,:,:,:,:,:,:,:,:,:,:,:
|,:,:,:,:,:,:,:,:,:,:,:
|,k,:,:,:,:,:,:,:,:,:,:
|,:,:,:,:,:,:,:,:,:,:,:
|,:,:,:,:,:,:,:,:,:,:,:
|,:,:,:,:,:,:,:,:,:,:,:
|,=,=,=,=,:,:,:,:,:,:,:
|,=,=,=,=,:,:,:,:,:,:,:
|,=,=,=,=,=,=,:,:,:,:,:
|,=,=,=,=,=,=,:,:,:,:,:
|,=,=,=,=,=,=,=,=,:,:,:
|,=,=,=,=,=,=,=,=,:,:,:
|,:,:,:,:,:,:,:,:,:,:,:
|,:,:,:,:,:,:,:,:,:,:,:
|,:,:,:,:,:,:,:,:,:,:,:
|,:,:,:,:,:,:,:,:,:,:,:
|,:,:,:,:,:,:,:,:,:,:,:
|,:,:,:,:,:,:,:,:,:,:,:
|,:,:,:,:,:,:,:,:,:,:,:
|,:,:,:,:,:,:,:,:,:,f,:
|,f,f,f,f,f,f,f,f,f,f,f
