-----------------------------------------------------------------------------------------------------------------------------------12------------------------------3-------------------------------------------------
-444-----------------------567---------------567---------------------------567---------------567---------------------------567-----1---------567---------------------------567---------------567--------8------------
-9:;--------------567------<=>5667-----------<=>5667--------------567------<=>5667-----------<=>5667--------------567------<=>5667-1---------<=>5667--?@----------567------<=>5667-----------<=>5667---AB---------567
4CCC4-------------<=>---------<==>--------------<==>--------------<=>---------<==>D-------E-----<==>--------------<=>F--------<==>-1------------<==>--GH----------<=>---------<==>--------------<==>----I---------<=>
::J::-----------------------------------------------------------------------------K-------KLL------------------LLMLLLMLLL--------LLK------------------LNL--LML--------------------------------OO--------I------------
::-::--------------------------------------------------------------------------------------------------------------------------------------------------------------------------------------P-OOO--------I------------
CCCCC44---------------F---------------QR---------------------------------------------------------------QR----------ST------------------------O-------------------------UV------O-----------WOOOO--------I------------
:J:J:::------------M--M--X------QR----YZ-----------------QR------------------[[[\]^_`------------------YZ----------ab------------LLL------cdOO--------------F----------efg-----O-----------OOOOO--------I----444-----
:-:-:::---------Mhi-----jkLLL---YZ----lm-----------------YZ--L-----QR-------OnnnnnnnnO--O--------------lm------LLLLLLLLLLL---------------opqOO--------LML--LML----rs-tuvLLL----O--------w-OOOOOO--------I----9:;-----
:::::::------x----y--x---z------lm----{|---x-------------lm--x-----YZx-----OO--------O--O--x-----------}~----x-------x-------------------ÄOOO---------------x----ÅÇ-ÉÑ--ÖÜ---OO--------áOOOOOOO--------I---4CCC4----
J:J:J::----à-â-------â-àà-------}~----äãà--â-------------}~àåâ-----lmâ-àà-OOO--------O--OO-â------ç----}~--à-â--éè---â-àà-----ê---------àOOOOO-----ë-------à-â-------âíààìî---OO--------OOOOOOOO--------I--à::J::----
-:ïñ-::----ó-óòòòò---ó-óó-------}~--ôö}~óò-ó------õúùûö--}~óüóòòòò-†°ó-óóOOOO¢¢¢¢¢¢¢¢O¢¢OO-ó£§•¶--ß®---}~--ó-óòò©™---ó-óó-----´-------òòOOOOOO-----¨≠----ÆØ∞±≤òòòò---ó-óó-----OO------òOOOOOOOOO--------O--ó::-::ò---
≥≥¥µ≥≥≥≥≥≥≥≥≥≥≥≥≥≥≥≥≥≥≥≥≥≥≥≥≥≥≥≥≥≥≥≥∂≥≥≥≥≥≥≥≥---≥≥∑∏π∫≥≥≥≥≥≥ª≥≥≥≥≥≥≥≥≥≥≥≥≥≥≥≥ºººººººº≥ºº≥≥≥≥≥Ωæø≥≥¿≥≥≥≥≥≥≥≥≥≥≥≥≥¿≥≥≥≥≥≥≥≥≥≥≥≥≥≥≥----≥≥≥≥≥≥≥≥≥≥--≥≥≥¡ª≥≥≥≥≥¬√ƒ≈≥≥≥≥≥≥≥≥≥≥≥≥≥≥≥≥≥≥≥---≥≥≥≥≥≥≥≥≥≥≥≥≥≥≥≥≥≥≥≥≥≥≥≥≥≥≥≥≥≥≥≥≥
