--------------------------------------------------------------------------------------------------------------------------------------------------------------------------------------------------------
-------------------------------------------------------------------------------------------------------------------------------------------------------------------------------------------------------1
------------------------------------------------------------------------------------------------------------------------------------------------------------------------------------------------------23
-------------------------------------------------------------------------------------------4-----------------------------------------------------------------------------------------------------------5
------------------------------------------------------------------------------------------676---------------------------------------------------------------89-------------------------------::--------;
------------------------------------------------------------------------------------------------------------------------------------------------------------<=-------------------------------::--------;
------------------------------------------------------------------------------------------------------------------------------------------------------------>?@------------------------------::--------;
-AAA----------------------------------------89-----BC-----------------------------------------------------------------------------------------------D-------EFG---------------------------:--::--------;
-HIJ----------------------------------------<=-----KL----M-------------------------NO----:::::-----------------------------------------------------:766-----::-----89----------P----QR---::--::--------;
ASSSA--------------------------------------->?----->?----T-------------------------UV----:--------------------------:------------------------------:---------------<=----------WX---YZ--:::--::--------;
II[II---------\]---------------------^------_`-----_`------------------------------------:---------------------a----:--------bc----------------dRe-:-----------a--->?-----a----fg------::::------------;
IIhII---------ij-klmno------pqrst----uv-----_`-----_`----------wxyz-----{|}w~------------:------------€{‚----ƒ----:--€„…-†‡-----ˆ‰---------Š‹Œ:-----------ƒ---EŽ-----ƒ-----------:::::------------:
‘’“”•–—˜™š›œœœœœ--žŸ ¡¢‘£ž----¤¥¦¢--¤¥¦§¨©ª«¬---
